[14:45:02] [main/INFO]: Loading Minecraft 26.2 with Fabric Loader 0.19.3
[14:45:02] [main/INFO]: Mappings not present!
[14:45:04] [main/INFO]: Loading 138 mods:
	- alternate-current 1.9.0
	- c2me 0.4.1-beta.1.0+26.2
	   |-- c2me-base 0.4.1-beta.1.0+26.2
	   |-- c2me-client-uncapvd 0.4.1-beta.1.0+26.2
	   |-- c2me-fixes-chunkio-threading-issues 0.4.1-beta.1.0+26.2
	   |-- c2me-fixes-general-threading-issues 0.4.1-beta.1.0+26.2
	   |-- c2me-fixes-worldgen-threading-issues 0.4.1-beta.1.0+26.2
	   |-- c2me-fixes-worldgen-vanilla-bugs 0.4.1-beta.1.0+26.2
	   |-- c2me-notickvd 0.4.1-beta.1.0+26.2
	   |-- c2me-opts-allocs 0.4.1-beta.1.0+26.2
	   |-- c2me-opts-chunkio 0.4.1-beta.1.0+26.2
	   |-- c2me-opts-dfc 0.4.1-beta.1.0+26.2
	   |-- c2me-opts-math 0.4.1-beta.1.0+26.2
	   |-- c2me-opts-natives-math 0.4.1-beta.1.0+26.2
	   |-- c2me-opts-scheduling 0.4.1-beta.1.0+26.2
	   |-- c2me-opts-worldgen-general 0.4.1-beta.1.0+26.2
	   |-- c2me-opts-worldgen-vanilla 0.4.1-beta.1.0+26.2
	   |-- c2me-rewrites-chunk-serializer 0.4.1-beta.1.0+26.2
	   |-- c2me-rewrites-chunk-system 0.4.1-beta.1.0+26.2
	   |-- c2me-rewrites-chunkio 0.4.1-beta.1.0+26.2
	   |-- c2me-server-utils 0.4.1-beta.1.0+26.2
	   |-- c2me-threading-lighting 0.4.1-beta.1.0+26.2
	   |-- com_electronwill_night-config_core 3.6.5
	   |-- com_electronwill_night-config_toml 3.6.5
	   |-- com_github_ben-manes_caffeine_caffeine 3.2.1
	   |-- com_ibm_async_asyncutil 0.1.0
	   |-- com_ishland_c2me_tests_tests 0.4.1-beta.1.0
	   |-- io_reactivex_rxjava3_rxjava 3.1.12
	   |-- mixinsquared 0.3.7-beta.1
	   |-- net_objecthunter_exp4j 0.4.8
	   |-- org_jctools_jctools-core 4.0.5
	   \-- org_reactivestreams_reactive-streams 1.0.4
	- carpet 26.2+v260616
	- carpet-tis-addition 1.82.4
	   \-- conditional-mixin 0.6.4
	- cloth-config 26.2.155
	   \-- cloth-basic-math 0.6.1
	- clumps 26.2.1
	- collective 8.39
	- fabric-api 0.156.0+26.2
	   |-- fabric-api-base 2.0.4+ece063239e
	   |-- fabric-api-lookup-api-v1 2.0.17+11e1c9a39e
	   |-- fabric-biome-api-v1 18.0.6+c7bd5b8e9e
	   |-- fabric-block-api-v1 3.0.3+ec56b6019e
	   |-- fabric-block-getter-api-v2 2.0.7+ec56b6019e
	   |-- fabric-command-api-v2 3.1.0+00cb03469e
	   |-- fabric-content-registries-v0 11.3.0+d0a699d09e
	   |-- fabric-convention-tags-v2 4.7.0+1f023a9e9e
	   |-- fabric-crash-report-info-v1 1.0.5+086d547a9e
	   |-- fabric-creative-tab-api-v1 5.0.14+d871b99e9e
	   |-- fabric-data-attachment-api-v1 2.2.18+515ac5339e
	   |-- fabric-data-generation-api-v1 25.5.0+aed122aa9e
	   |-- fabric-debug-api-v1 1.0.2+c792624d9e
	   |-- fabric-dimensions-v1 5.1.11+515ac5339e
	   |-- fabric-entity-events-v1 5.0.5+06488ac19e
	   |-- fabric-events-interaction-v0 5.2.7+515ac5339e
	   |-- fabric-game-rule-api-v1 4.0.8+46a6d00c9e
	   |-- fabric-item-api-v1 14.4.0+49a69a7b9e
	   |-- fabric-key-mapping-api-v1 2.0.5+e2bdee789e
	   |-- fabric-lifecycle-events-v1 4.1.3+4575b05f9e
	   |-- fabric-loot-api-v3 3.0.17+06488ac19e
	   |-- fabric-menu-api-v1 2.0.16+086d547a9e
	   |-- fabric-message-api-v1 7.0.7+086d547a9e
	   |-- fabric-model-loading-api-v1 8.0.16+c80601bb9e
	   |-- fabric-networking-api-v1 6.3.3+72073ef09e
	   |-- fabric-object-builder-api-v1 24.1.0+6fcd5f039e
	   |-- fabric-particles-v1 5.0.18+d1756aa99e
	   |-- fabric-permission-api-v1 1.0.4+536fad2f9e
	   |-- fabric-recipe-api-v1 9.0.20+11e1c9a39e
	   |-- fabric-registry-sync-v0 7.1.0+c7bd5b8e9e
	   |-- fabric-renderer-api-v1 14.1.3+2b0d8a229e
	   |-- fabric-renderer-indigo 9.1.3+2b0d8a229e
	   |-- fabric-rendering-fluids-v1 6.0.4+06488ac19e
	   |-- fabric-rendering-v1 25.3.2+515ac5339e
	   |-- fabric-resource-conditions-api-v1 6.1.0+10e9a28b9e
	   |-- fabric-resource-loader-v0 3.3.20+4fc5413f9e
	   |-- fabric-resource-loader-v1 2.0.13+9edec1269e
	   |-- fabric-screen-api-v1 5.1.0+48e3c0b09e
	   |-- fabric-serialization-api-v1 2.0.4+11a26f319e
	   |-- fabric-sound-api-v1 2.0.5+11a26f319e
	   |-- fabric-tag-api-v1 2.1.4+515ac5339e
	   |-- fabric-transfer-api-v1 8.0.12+11dbb7d79e
	   \-- fabric-transitive-access-wideners-v1 8.1.4+67c847259e
	- fabricloader 0.19.3
	   \-- mixinextras 0.5.4
	- ferritecore 9.0.0
	- floodgate 2.2.6-SNAPSHOT
	   |-- aopalliance_aopalliance 1.0
	   |-- com_google_guava_failureaccess 1.0.1
	   |-- jakarta_inject_jakarta_inject-api 2.0.1
	   |-- javax_inject_javax_inject 1
	   |-- org_geysermc_cumulus_cumulus 1.1.2
	   |-- org_geysermc_event_events 1.1-SNAPSHOT
	   |-- org_geysermc_geyser_common_unshaded 2.2.1-SNAPSHOT
	   |-- org_java-websocket_java-websocket 1.6.0
	   \-- org_lanternpowered_lmbda 2.0.0
	- geyser-fabric 2.11.1-SNAPSHOT
	   |-- cloud 2.0.0-beta.17
	   |    |-- io_leangen_geantyref_geantyref 1.3.15
	   |    |-- org_incendo_cloud-brigadier 2.0.0-beta.16
	   |    |-- org_incendo_cloud-core 2.0.0
	   |    |-- org_incendo_cloud-minecraft-modded-common 2.0.0-beta.17
	   |    \-- org_incendo_cloud-services 2.0.0
	   |-- com_google_code_findbugs_jsr305 3.0.2
	   |-- com_google_errorprone_error_prone_annotations 2.41.0
	   |-- com_google_j2objc_j2objc-annotations 1.3
	   |-- com_nukkitx_natives 1.0.3
	   |-- fabric-permissions-api-v0 0.7.0
	   |-- io_airlift_aircompressor 0.27
	   |-- io_netty_netty-codec-haproxy 4.2.7
	   |-- net_jodah_expiringmap 0.5.10
	   |-- net_kyori_adventure-api 5.2.0
	   |-- net_kyori_adventure-key 5.2.0
	   |-- net_kyori_adventure-nbt 5.2.0
	   |-- net_kyori_adventure-text-serializer-commons 5.2.0
	   |-- net_kyori_adventure-text-serializer-gson 5.2.0
	   |-- net_kyori_adventure-text-serializer-json 5.2.0
	   |-- net_kyori_adventure-text-serializer-json-legacy-impl 5.2.0
	   |-- net_kyori_adventure-text-serializer-legacy 5.2.0
	   |-- net_kyori_adventure-text-serializer-plain 5.2.0
	   |-- net_kyori_option 1.1.0
	   |-- net_lenni0451_commons_gson 1.9.0
	   |-- net_lenni0451_commons_httpclient 1.9.0
	   |-- net_raphimc_minecraftauth 5.0.0
	   |-- org_bitbucket_b_c_jose4j 0.9.6
	   |-- org_bstats_bstats-base 3.1.0
	   |-- org_cloudburstmc_math_api 2.0
	   |-- org_cloudburstmc_math_immutable 2.0
	   |-- org_cloudburstmc_nbt 3.0.4
	   |-- org_geysermc_api_base-api 1.0.3
	   |-- org_geysermc_cumulus_cumulus 1.1.2
	   |-- org_geysermc_event_events 1.1-SNAPSHOT
	   |-- org_jetbrains_annotations 24.0.0
	   |-- org_jspecify_jspecify 1.0.0
	   \-- org_lanternpowered_lmbda 2.0.0
	- java 25
	- krypton 0.3.1
	   \-- com_velocitypowered_velocity-native 3.4.0-SNAPSHOT
	- lithium 0.25.3+mc26.2
	- minecraft 26.2
	- nochatreports 26.2-v2.20.1
	- scalablelux 0.2.1+fabric.2b08348
	- servercore 1.5.19+26.2
	   |-- org_yaml_snakeyaml 2.6
	   |-- placeholder-api 3.1.0-beta.1+26.2
	   |-- space_arim_dazzleconf_dazzleconf-core 1.3.0-M2
	   \-- space_arim_dazzleconf_dazzleconf-ext-snakeyaml 1.3.0-M2
	- spark 1.10.173
	   \-- fabric-permissions-api-v0 0.7.0
	- treeharvester 9.4
[14:45:05] [main/INFO]: SpongePowered MIXIN Subsystem Version=0.8.7 Source=file:/workspaces/supreme-pancake/servidor_minecraft/libraries/net/fabricmc/sponge-mixin/0.17.3+mixin.0.8.7/sponge-mixin-0.17.3+mixin.0.8.7.jar Service=Knot/Fabric Env=SERVER
[14:45:06] [main/INFO]: Compatibility level set to JAVA_16
[14:45:06] [main/INFO]: Compatibility level set to JAVA_17
[14:45:06] [main/INFO]: Compatibility level set to JAVA_25
[14:45:07] [main/INFO]: Initializing com.ishland.c2me.base.mixin
[14:45:07] [main/INFO]: Global Executor Parallelism: 1 configured, 1 evaluated, 1 default evaluated
[14:45:07] [main/INFO]: Initializing com.ishland.c2me.fixes.chunkio.threading_issues.mixin
[14:45:07] [main/INFO]: Initializing com.ishland.c2me.fixes.general.threading_issues.mixin
[14:45:07] [main/INFO]: Initializing com.ishland.c2me.fixes.worldgen.threading_issues.mixin
[14:45:07] [main/INFO]: Initializing com.ishland.c2me.fixes.worldgen.vanilla_bugs.mixin
[14:45:07] [main/INFO]: Initializing com.ishland.c2me.notickvd.mixin
[14:45:07] [main/INFO]: Initializing com.ishland.c2me.opts.allocs.mixin
[14:45:07] [main/INFO]: Initializing com.ishland.c2me.opts.chunkio.mixin
[14:45:07] [main/INFO]: Initializing com.ishland.c2me.opts.dfc.mixin
[14:45:07] [main/INFO]: Initializing com.ishland.c2me.opts.math.mixin
[14:45:07] [main/INFO]: Initializing com.ishland.c2me.opts.natives_math.mixin
[14:45:07] [main/INFO]: Attempting to call native library. If your game crashes right after this point, native acceleration may not be available for your system.
[14:45:07] [main/INFO]: Detected maximum supported ISA target: AVX2
[14:45:07] [main/INFO]: Initializing com.ishland.c2me.opts.scheduling.mixin
[14:45:07] [main/INFO]: Initializing com.ishland.c2me.opts.worldgen.general.mixin
[14:45:07] [main/INFO]: Initializing com.ishland.c2me.opts.worldgen.vanilla.mixin
[14:45:07] [main/INFO]: Initializing com.ishland.c2me.rewrites.chunk_serializer.mixin
[14:45:07] [main/INFO]: Disabling com.ishland.c2me.rewrites.chunk_serializer.mixin
[14:45:07] [main/INFO]: Initializing com.ishland.c2me.rewrites.chunksystem.mixin
[14:45:07] [main/INFO]: Initializing com.ishland.c2me.rewrites.chunkio.mixin
[14:45:07] [main/INFO]: Initializing com.ishland.c2me.server.utils.mixin
[14:45:07] [main/INFO]: Initializing com.ishland.c2me.threading.lighting.mixin
[14:45:07] [main/WARN]: Reference map 'clumps.refmap.json' for clumps.mixins.json could not be read. If this is a development environment you can ignore this message
[14:45:07] [main/INFO]: Loaded configuration file for Lithium: 171 options available, 0 override(s) found.
[14:45:10] [main/INFO]: Initializing MixinExtras via com.llamalad7.mixinextras.service.MixinExtrasServiceImpl(version=0.5.4).
[14:45:22] [main/INFO]: Loading Collective version 8.39.
[14:45:24] [main/WARN]: en_ is not a supported Floodgate language.
[14:45:25] [main/INFO]: Loading extensions...
[14:45:25] [main/INFO]: Loaded 0 extension(s)
[14:45:27] [main/INFO]: Compression will use libdeflate (Linux x86_64), encryption will use OpenSSL 3.x.x (Linux x86_64)
[14:45:27] [main/INFO]: [ServerCore] Loaded V1.5.19+26.2!
[14:45:27] [main/INFO]: Krypton is now accelerating your Minecraft server's networking stack 🚀
[14:45:28] [main/INFO]: Environment: Environment[sessionHost=https://sessionserver.mojang.com, servicesHost=https://api.minecraftservices.com, profilesHost=https://api.mojang.com, name=PROD]
[14:45:32] [main/INFO]: Loaded 1585 recipes
[14:45:32] [main/INFO]: Loaded 1688 advancements
[14:45:33] [main/INFO]: Applied 0 biome modifications to 0 of 66 new biomes in 1.981 ms
[14:45:33] [Server thread/INFO]: Starting background profiler...
[14:45:34] [Server thread/INFO]: Starting minecraft server version 26.2
[14:45:34] [Server thread/INFO]: Loading properties
[14:45:34] [Server thread/INFO]: Default game type: SURVIVAL
[14:45:34] [Server thread/INFO]: Generating keypair
[14:45:34] [Server thread/INFO]: Starting Minecraft server on *:25565
[14:45:35] [Server thread/INFO]: Preparing level "world"
[14:45:35] [Server thread/INFO]: [CM] Loaded 2 settings from carpet.conf
[14:45:35] [Server thread/INFO]: Enforcing safe world random access
[14:45:37] [Server thread/INFO]: [STDOUT]: Density function compilation finished in 1.077 s
[14:45:37] [Server thread/INFO]: [STDOUT]: [ScalableLux] Lighting scaling is enabled in externally managed mode
[14:45:37] [Server thread/INFO]: Using TheSpeedyObjectFactory without Unsafe
[14:45:37] [Server thread/INFO]: [STDOUT]: Density function compilation finished in 60.23 ms
[14:45:38] [Server thread/INFO]: [STDOUT]: Density function compilation finished in 24.66 ms
[14:45:38] [Server thread/INFO]: Loading 0 persistent chunks...
[14:45:38] [Server thread/INFO]: Preparing spawn area: 100%
[14:45:38] [Server thread/INFO]: Time elapsed: 113 ms
[14:45:38] [Server thread/INFO]: Done (3.002s)! For help, type "help"
[14:45:38] [Server thread/INFO]: Saving chunks for level 'ServerLevel[world]'/minecraft:overworld
[14:45:38] [Server thread/INFO]: Saving chunks for level 'ServerLevel[world]'/minecraft:the_end
[14:45:38] [Server thread/INFO]: Saving chunks for level 'ServerLevel[world]'/minecraft:the_nether
[14:45:38] [Server thread/INFO]: ThreadedAnvilChunkStorage (world): All chunks are saved
[14:45:38] [Server thread/INFO]: ThreadedAnvilChunkStorage (DIM1): All chunks are saved
[14:45:38] [Server thread/INFO]: ThreadedAnvilChunkStorage (DIM-1): All chunks are saved
[14:45:38] [Server thread/INFO]: ThreadedAnvilChunkStorage: All dimensions are saved
[14:45:38] [Server thread/INFO]: Took 53ms to boot Floodgate
[14:45:38] [Server thread/INFO]: ******************************************
[14:45:38] [Server thread/INFO]: 
[14:45:38] [Server thread/INFO]: Loading Geyser version 2.11.1-b1225 (git-master-5f6d017)
[14:45:38] [Server thread/INFO]: 
[14:45:38] [Server thread/INFO]: ******************************************
[14:45:40] [Server thread/INFO]: Registered 199 custom block overrides.
[14:45:40] [Server thread/INFO]: Registered 2 custom block item overrides.
[14:45:40] [Server thread/INFO]: Registered 7 custom blocks.
[14:45:45] [Server thread/INFO]: Registered 1 custom items
[14:45:46] [GeyserServer-3-1/INFO]: Started Geyser on UDP port 19132
[14:45:46] [Server thread/INFO]: Done (8.313s)! Run /geyser help for help!
[14:45:47] [Server thread/WARN]: Can't keep up! Is the server overloaded? Running 8838ms or 176 ticks behind
[14:45:51] [User Authenticator #1/INFO]: UUID of player MrGameBlaze is 4950d1b2-5e80-48c1-b0dc-31cf45be680b
[14:45:56] [Server thread/INFO]: MrGameBlaze[/100.74.33.93:52961] logged in with entity id 77 at (283.69999998807907, 65.0, -871.5280673962054)
[14:45:57] [Server thread/INFO]: MrGameBlaze joined the game
[14:45:57] [Server thread/INFO]: Player MrGameBlaze joined with a matching carpet client
[14:46:05] [Server thread/WARN]: Can't keep up! Is the server overloaded? Running 3785ms or 75 ticks behind
[14:47:26] [Server thread/INFO]: Villager Villager['Villager'/3, l='ServerLevel[world]', x=276.50, y=68.00, z=-857.70] died, message: 'Villager was slain by MrGameBlaze'
[15:06:24] [Server thread/INFO]: [MrGameBlaze: Set own game mode to Spectator Mode]
[15:06:26] [Server thread/INFO]: [MrGameBlaze: Set own game mode to Survival Mode]
[15:06:57] [Server thread/INFO]: [MrGameBlaze: Set own game mode to Spectator Mode]
[15:06:58] [Server thread/INFO]: [MrGameBlaze: Set own game mode to Survival Mode]
[15:09:01] [Server thread/WARN]: Can't keep up! Is the server overloaded? Running 2906ms or 58 ticks behind
[15:11:58] [Server thread/INFO]: MrGameBlaze lost connection: Disconnected
[15:11:58] [Server thread/INFO]: MrGameBlaze left the game
[15:12:48] [Server thread/INFO]: Stopping the server
[15:12:48] [Server thread/INFO]: Shutting down Geyser.
[15:12:48] [Server thread/INFO]: Geyser shutdown successfully.
[15:12:48] [WebSocketConnectReadThread-169/INFO]: The skin uploader has been closed
[15:12:50] [Server thread/INFO]: Stopping server
[15:12:50] [Server thread/INFO]: Saving players
[15:12:50] [Server thread/INFO]: Saving worlds
[15:12:50] [Server thread/INFO]: Saving chunks for level 'ServerLevel[world]'/minecraft:overworld
[15:12:50] [Server thread/INFO]: Saving chunks for level 'ServerLevel[world]'/minecraft:the_end
[15:12:50] [Server thread/INFO]: Saving chunks for level 'ServerLevel[world]'/minecraft:the_nether
[15:12:50] [Server thread/INFO]: ThreadedAnvilChunkStorage (world): All chunks are saved
[15:12:50] [Server thread/INFO]: ThreadedAnvilChunkStorage (DIM1): All chunks are saved
[15:12:50] [Server thread/INFO]: ThreadedAnvilChunkStorage (DIM-1): All chunks are saved
[15:12:50] [Server thread/INFO]: ThreadedAnvilChunkStorage: All dimensions are saved
[15:12:50] [C2ME Storage #3/INFO]: Storage thread Thread[#65,C2ME Storage #3,5,main] stopped
[15:12:50] [C2ME Storage #2/INFO]: Storage thread Thread[#62,C2ME Storage #2,5,main] stopped
[15:12:50] [C2ME Storage #1/INFO]: Storage thread Thread[#61,C2ME Storage #1,5,main] stopped
[15:12:50] [C2ME Storage #4/INFO]: Storage thread Thread[#67,C2ME Storage #4,5,main] stopped
[15:12:50] [C2ME Storage #5/INFO]: Storage thread Thread[#68,C2ME Storage #5,5,main] stopped
[15:12:50] [C2ME Storage #6/INFO]: Storage thread Thread[#69,C2ME Storage #6,5,main] stopped
[15:12:50] [C2ME Storage #9/INFO]: Storage thread Thread[#72,C2ME Storage #9,5,main] stopped
[15:12:50] [C2ME Storage #8/INFO]: Storage thread Thread[#71,C2ME Storage #8,5,main] stopped
[15:12:50] [C2ME Storage #7/INFO]: Storage thread Thread[#70,C2ME Storage #7,5,main] stopped
